
Fusionaly Installer

* Ports 80 and 443 must be available
* DNS pointing to this server recommended for SSL

Domain (e.g., analytics.example.com):
Checking DNS... localhost (localhost, skipped)

Summary

  Domain:  localhost
  DNS:     ✓ Ready

Proceed? [Y/n]
Cancelled. Starting over.

Domain (e.g., analytics.example.com): Error: failed to collect configuration: failed to read domain: EOF
